NUMBER 2
=
NUMBER 3
=
NUMBER 4
=
IDENTIFIER A
=
(
-
NUMBER 1
)
;
.
