VAR
IDENTIFIER A0
,
IDENTIFIER A1
,
IDENTIFIER A2
,
IDENTIFIER A3
,
IDENTIFIER A4
,
IDENTIFIER A5
,
IDENTIFIER A6
,
IDENTIFIER A7
,
IDENTIFIER A8
,
IDENTIFIER A9
,
IDENTIFIER A10
,
IDENTIFIER A11
,
IDENTIFIER A12
,
IDENTIFIER A13
,
IDENTIFIER A14
,
IDENTIFIER A15
,
IDENTIFIER A16
,
IDENTIFIER A17
,
IDENTIFIER A18
,
IDENTIFIER A19
,
IDENTIFIER A20
,
IDENTIFIER A21
,
IDENTIFIER A22
,
IDENTIFIER A23
,
IDENTIFIER A24
,
IDENTIFIER A25
,
IDENTIFIER A26
,
IDENTIFIER A27
,
IDENTIFIER A28
,
IDENTIFIER A29
,
IDENTIFIER A30
,
IDENTIFIER A31
,
IDENTIFIER A32
,
IDENTIFIER A33
,
IDENTIFIER A34
,
IDENTIFIER A35
,
IDENTIFIER A36
,
IDENTIFIER A37
,
IDENTIFIER A38
,
IDENTIFIER A39
,
IDENTIFIER A40
,
IDENTIFIER A41
,
IDENTIFIER A42
,
IDENTIFIER A43
,
IDENTIFIER A44
,
IDENTIFIER A45
,
IDENTIFIER A46
,
IDENTIFIER A47
,
IDENTIFIER A48
,
IDENTIFIER A49
,
IDENTIFIER A50
,
IDENTIFIER A51
,
IDENTIFIER A52
,
IDENTIFIER A53
,
IDENTIFIER A54
,
IDENTIFIER A55
,
IDENTIFIER A56
,
IDENTIFIER A57
,
IDENTIFIER A58
,
IDENTIFIER A59
,
IDENTIFIER A60
,
IDENTIFIER A61
,
IDENTIFIER A62
,
IDENTIFIER A63
,
IDENTIFIER A64
,
IDENTIFIER A65
,
IDENTIFIER A66
,
IDENTIFIER A67
,
IDENTIFIER A68
,
IDENTIFIER A69
,
IDENTIFIER A70
,
IDENTIFIER A71
,
IDENTIFIER A72
,
IDENTIFIER A73
,
IDENTIFIER A74
,
IDENTIFIER A75
,
IDENTIFIER A76
,
IDENTIFIER A77
,
IDENTIFIER A78
,
IDENTIFIER A79
,
IDENTIFIER A80
,
IDENTIFIER A81
,
IDENTIFIER A82
,
IDENTIFIER A83
,
IDENTIFIER A84
,
IDENTIFIER A85
,
IDENTIFIER A86
,
IDENTIFIER A87
,
IDENTIFIER A88
,
IDENTIFIER A89
,
IDENTIFIER A90
,
IDENTIFIER A91
,
IDENTIFIER A92
,
IDENTIFIER A93
,
IDENTIFIER A94
,
IDENTIFIER A95
,
IDENTIFIER A96
,
IDENTIFIER A97
,
IDENTIFIER A98
,
IDENTIFIER A99
,
IDENTIFIER A100
,
IDENTIFIER A101
,
IDENTIFIER A102
,
IDENTIFIER A103
,
IDENTIFIER A104
,
IDENTIFIER A105
,
IDENTIFIER A106
,
IDENTIFIER A107
,
IDENTIFIER A108
,
IDENTIFIER A109
,
IDENTIFIER A110
,
IDENTIFIER A111
,
IDENTIFIER A112
,
IDENTIFIER A113
,
IDENTIFIER A114
,
IDENTIFIER A115
,
IDENTIFIER A116
,
IDENTIFIER A117
,
IDENTIFIER A118
,
IDENTIFIER A119
,
IDENTIFIER A120
,
IDENTIFIER A121
,
IDENTIFIER A122
,
IDENTIFIER A123
,
IDENTIFIER A124
,
IDENTIFIER A125
,
IDENTIFIER A126
,
IDENTIFIER A127
,
IDENTIFIER A128
,
IDENTIFIER A129
,
IDENTIFIER A130
,
IDENTIFIER A131
,
IDENTIFIER A132
,
IDENTIFIER A133
,
IDENTIFIER A134
,
IDENTIFIER A135
,
IDENTIFIER A136
,
IDENTIFIER A137
,
IDENTIFIER A138
,
IDENTIFIER A139
,
IDENTIFIER A140
,
IDENTIFIER A141
,
IDENTIFIER A142
,
IDENTIFIER A143
,
IDENTIFIER A144
,
IDENTIFIER A145
,
IDENTIFIER A146
,
IDENTIFIER A147
,
IDENTIFIER A148
,
IDENTIFIER A149
,
IDENTIFIER A150
,
IDENTIFIER A151
,
IDENTIFIER A152
,
IDENTIFIER A153
,
IDENTIFIER A154
,
IDENTIFIER A155
,
IDENTIFIER A156
,
IDENTIFIER A157
,
IDENTIFIER A158
,
IDENTIFIER A159
,
IDENTIFIER A160
,
IDENTIFIER A161
,
IDENTIFIER A162
,
IDENTIFIER A163
,
IDENTIFIER A164
,
IDENTIFIER A165
,
IDENTIFIER A166
,
IDENTIFIER A167
,
IDENTIFIER A168
,
IDENTIFIER A169
,
IDENTIFIER A170
,
IDENTIFIER A171
,
IDENTIFIER A172
,
IDENTIFIER A173
,
IDENTIFIER A174
,
IDENTIFIER A175
,
IDENTIFIER A176
,
IDENTIFIER A177
,
IDENTIFIER A178
,
IDENTIFIER A179
,
IDENTIFIER A180
,
IDENTIFIER A181
,
IDENTIFIER A182
,
IDENTIFIER A183
,
IDENTIFIER A184
,
IDENTIFIER A185
,
IDENTIFIER A186
,
IDENTIFIER A187
,
IDENTIFIER A188
,
IDENTIFIER A189
,
IDENTIFIER A190
,
IDENTIFIER A191
,
IDENTIFIER A192
,
IDENTIFIER A193
,
IDENTIFIER A194
,
IDENTIFIER A195
,
IDENTIFIER A196
,
IDENTIFIER A197
,
IDENTIFIER A198
,
IDENTIFIER A199
,
IDENTIFIER A200
,
IDENTIFIER A201
,
IDENTIFIER A202
,
IDENTIFIER A203
,
IDENTIFIER A204
,
IDENTIFIER A205
,
IDENTIFIER A206
,
IDENTIFIER A207
,
IDENTIFIER A208
,
IDENTIFIER A209
,
IDENTIFIER A210
,
IDENTIFIER A211
,
IDENTIFIER A212
,
IDENTIFIER A213
,
IDENTIFIER A214
,
IDENTIFIER A215
,
IDENTIFIER A216
,
IDENTIFIER A217
,
IDENTIFIER A218
,
IDENTIFIER A219
,
IDENTIFIER A220
,
IDENTIFIER A221
,
IDENTIFIER A222
,
IDENTIFIER A223
,
IDENTIFIER A224
,
IDENTIFIER A225
,
IDENTIFIER A226
,
IDENTIFIER A227
,
IDENTIFIER A228
,
IDENTIFIER A229
,
IDENTIFIER A230
,
IDENTIFIER A231
,
IDENTIFIER A232
,
IDENTIFIER A233
,
IDENTIFIER A234
,
IDENTIFIER A235
,
IDENTIFIER A236
,
IDENTIFIER A237
,
IDENTIFIER A238
,
IDENTIFIER A239
,
IDENTIFIER A240
,
IDENTIFIER A241
,
IDENTIFIER A242
,
IDENTIFIER A243
,
IDENTIFIER A244
,
IDENTIFIER A245
,
IDENTIFIER A246
,
IDENTIFIER A247
,
IDENTIFIER A248
,
IDENTIFIER A249
,
IDENTIFIER A250
,
IDENTIFIER A251
,
IDENTIFIER A252
,
IDENTIFIER A253
,
IDENTIFIER A254
,
IDENTIFIER A255
,
IDENTIFIER A256
,
IDENTIFIER A257
,
IDENTIFIER A258
,
IDENTIFIER A259
,
IDENTIFIER A260
,
IDENTIFIER A261
,
IDENTIFIER A262
,
IDENTIFIER A263
,
IDENTIFIER A264
,
IDENTIFIER A265
,
IDENTIFIER A266
,
IDENTIFIER A267
,
IDENTIFIER A268
,
IDENTIFIER A269
,
IDENTIFIER A270
,
IDENTIFIER A271
,
IDENTIFIER A272
,
IDENTIFIER A273
,
IDENTIFIER A274
,
IDENTIFIER A275
,
IDENTIFIER A276
,
IDENTIFIER A277
,
IDENTIFIER A278
,
IDENTIFIER A279
,
IDENTIFIER A280
,
IDENTIFIER A281
,
IDENTIFIER A282
,
IDENTIFIER A283
,
IDENTIFIER A284
,
IDENTIFIER A285
,
IDENTIFIER A286
,
IDENTIFIER A287
,
IDENTIFIER A288
,
IDENTIFIER A289
,
IDENTIFIER A290
,
IDENTIFIER A291
,
IDENTIFIER A292
,
IDENTIFIER A293
,
IDENTIFIER A294
,
IDENTIFIER A295
,
IDENTIFIER A296
,
IDENTIFIER A297
,
IDENTIFIER A298
,
IDENTIFIER A299
,
IDENTIFIER A300
,
IDENTIFIER A301
,
IDENTIFIER A302
,
IDENTIFIER A303
,
IDENTIFIER A304
,
IDENTIFIER A305
,
IDENTIFIER A306
,
IDENTIFIER A307
,
IDENTIFIER A308
,
IDENTIFIER A309
,
IDENTIFIER A310
,
IDENTIFIER A311
,
IDENTIFIER A312
,
IDENTIFIER A313
,
IDENTIFIER A314
,
IDENTIFIER A315
,
IDENTIFIER A316
,
IDENTIFIER A317
,
IDENTIFIER A318
,
IDENTIFIER A319
,
IDENTIFIER A320
,
IDENTIFIER A321
,
IDENTIFIER A322
,
IDENTIFIER A323
,
IDENTIFIER A324
,
IDENTIFIER A325
,
IDENTIFIER A326
,
IDENTIFIER A327
,
IDENTIFIER A328
,
IDENTIFIER A329
,
IDENTIFIER A330
,
IDENTIFIER A331
,
IDENTIFIER A332
,
IDENTIFIER A333
,
IDENTIFIER A334
,
IDENTIFIER A335
,
IDENTIFIER A336
,
IDENTIFIER A337
,
IDENTIFIER A338
,
IDENTIFIER A339
,
IDENTIFIER A340
,
IDENTIFIER A341
,
IDENTIFIER A342
,
IDENTIFIER A343
,
IDENTIFIER A344
,
IDENTIFIER A345
,
IDENTIFIER A346
,
IDENTIFIER A347
,
IDENTIFIER A348
,
IDENTIFIER A349
,
IDENTIFIER A350
,
IDENTIFIER A351
,
IDENTIFIER A352
,
IDENTIFIER A353
,
IDENTIFIER A354
,
IDENTIFIER A355
,
IDENTIFIER A356
,
IDENTIFIER A357
,
IDENTIFIER A358
,
IDENTIFIER A359
,
IDENTIFIER A360
,
IDENTIFIER A361
,
IDENTIFIER A362
,
IDENTIFIER A363
,
IDENTIFIER A364
,
IDENTIFIER A365
,
IDENTIFIER A366
,
IDENTIFIER A367
,
IDENTIFIER A368
,
IDENTIFIER A369
,
IDENTIFIER A370
,
IDENTIFIER A371
,
IDENTIFIER A372
,
IDENTIFIER A373
,
IDENTIFIER A374
,
IDENTIFIER A375
,
IDENTIFIER A376
,
IDENTIFIER A377
,
IDENTIFIER A378
,
IDENTIFIER A379
,
IDENTIFIER A380
,
IDENTIFIER A381
,
IDENTIFIER A382
,
IDENTIFIER A383
,
IDENTIFIER A384
,
IDENTIFIER A385
,
IDENTIFIER A386
,
IDENTIFIER A387
,
IDENTIFIER A388
,
IDENTIFIER A389
,
IDENTIFIER A390
,
IDENTIFIER A391
,
IDENTIFIER A392
,
IDENTIFIER A393
,
IDENTIFIER A394
,
IDENTIFIER A395
,
IDENTIFIER A396
,
IDENTIFIER A397
,
IDENTIFIER A398
,
IDENTIFIER A399
,
IDENTIFIER A400
,
IDENTIFIER A401
,
IDENTIFIER A402
,
IDENTIFIER A403
,
IDENTIFIER A404
,
IDENTIFIER A405
,
IDENTIFIER A406
,
IDENTIFIER A407
,
IDENTIFIER A408
,
IDENTIFIER A409
,
IDENTIFIER A410
,
IDENTIFIER A411
,
IDENTIFIER A412
,
IDENTIFIER A413
,
IDENTIFIER A414
,
IDENTIFIER A415
,
IDENTIFIER A416
,
IDENTIFIER A417
,
IDENTIFIER A418
,
IDENTIFIER A419
,
IDENTIFIER A420
,
IDENTIFIER A421
,
IDENTIFIER A422
,
IDENTIFIER A423
,
IDENTIFIER A424
,
IDENTIFIER A425
,
IDENTIFIER A426
,
IDENTIFIER A427
,
IDENTIFIER A428
,
IDENTIFIER A429
,
IDENTIFIER A430
,
IDENTIFIER A431
,
IDENTIFIER A432
,
IDENTIFIER A433
,
IDENTIFIER A434
,
IDENTIFIER A435
,
IDENTIFIER A436
,
IDENTIFIER A437
,
IDENTIFIER A438
,
IDENTIFIER A439
,
IDENTIFIER A440
,
IDENTIFIER A441
,
IDENTIFIER A442
,
IDENTIFIER A443
,
IDENTIFIER A444
,
IDENTIFIER A445
,
IDENTIFIER A446
,
IDENTIFIER A447
,
IDENTIFIER A448
,
IDENTIFIER A449
,
IDENTIFIER A450
,
IDENTIFIER A451
,
IDENTIFIER A452
,
IDENTIFIER A453
,
IDENTIFIER A454
,
IDENTIFIER A455
,
IDENTIFIER A456
,
IDENTIFIER A457
,
IDENTIFIER A458
,
IDENTIFIER A459
,
IDENTIFIER A460
,
IDENTIFIER A461
,
IDENTIFIER A462
,
IDENTIFIER A463
,
IDENTIFIER A464
,
IDENTIFIER A465
,
IDENTIFIER A466
,
IDENTIFIER A467
,
IDENTIFIER A468
,
IDENTIFIER A469
,
IDENTIFIER A470
,
IDENTIFIER A471
,
IDENTIFIER A472
,
IDENTIFIER A473
,
IDENTIFIER A474
,
IDENTIFIER A475
,
IDENTIFIER A476
,
IDENTIFIER A477
,
IDENTIFIER A478
,
IDENTIFIER A479
,
IDENTIFIER A480
,
IDENTIFIER A481
,
IDENTIFIER A482
,
IDENTIFIER A483
,
IDENTIFIER A484
,
IDENTIFIER A485
,
IDENTIFIER A486
,
IDENTIFIER A487
,
IDENTIFIER A488
,
IDENTIFIER A489
,
IDENTIFIER A490
,
IDENTIFIER A491
,
IDENTIFIER A492
,
IDENTIFIER A493
,
IDENTIFIER A494
,
IDENTIFIER A495
,
IDENTIFIER A496
,
IDENTIFIER A497
,
IDENTIFIER A498
,
IDENTIFIER A499
,
IDENTIFIER A500
,
IDENTIFIER A501
,
IDENTIFIER A502
,
IDENTIFIER A503
,
IDENTIFIER A504
,
IDENTIFIER A505
,
IDENTIFIER A506
,
IDENTIFIER A507
,
IDENTIFIER A508
,
IDENTIFIER A509
,
IDENTIFIER A510
,
IDENTIFIER A511
,
IDENTIFIER A512
,
IDENTIFIER A513
,
IDENTIFIER A514
,
IDENTIFIER A515
,
IDENTIFIER A516
,
IDENTIFIER A517
,
IDENTIFIER A518
,
IDENTIFIER A519
,
IDENTIFIER A520
,
IDENTIFIER A521
,
IDENTIFIER A522
,
IDENTIFIER A523
,
IDENTIFIER A524
,
IDENTIFIER A525
,
IDENTIFIER A526
,
IDENTIFIER A527
,
IDENTIFIER A528
,
IDENTIFIER A529
,
IDENTIFIER A530
,
IDENTIFIER A531
,
IDENTIFIER A532
,
IDENTIFIER A533
,
IDENTIFIER A534
,
IDENTIFIER A535
,
IDENTIFIER A536
,
IDENTIFIER A537
,
IDENTIFIER A538
,
IDENTIFIER A539
,
IDENTIFIER A540
,
IDENTIFIER A541
,
IDENTIFIER A542
,
IDENTIFIER A543
,
IDENTIFIER A544
,
IDENTIFIER A545
,
IDENTIFIER A546
,
IDENTIFIER A547
,
IDENTIFIER A548
,
IDENTIFIER A549
,
IDENTIFIER A550
,
IDENTIFIER A551
,
IDENTIFIER A552
,
IDENTIFIER A553
,
IDENTIFIER A554
,
IDENTIFIER A555
,
IDENTIFIER A556
,
IDENTIFIER A557
,
IDENTIFIER A558
,
IDENTIFIER A559
,
IDENTIFIER A560
,
IDENTIFIER A561
,
IDENTIFIER A562
,
IDENTIFIER A563
,
IDENTIFIER A564
,
IDENTIFIER A565
,
IDENTIFIER A566
,
IDENTIFIER A567
,
IDENTIFIER A568
,
IDENTIFIER A569
,
IDENTIFIER A570
,
IDENTIFIER A571
,
IDENTIFIER A572
,
IDENTIFIER A573
,
IDENTIFIER A574
,
IDENTIFIER A575
,
IDENTIFIER A576
,
IDENTIFIER A577
,
IDENTIFIER A578
,
IDENTIFIER A579
,
IDENTIFIER A580
,
IDENTIFIER A581
,
IDENTIFIER A582
,
IDENTIFIER A583
,
IDENTIFIER A584
,
IDENTIFIER A585
,
IDENTIFIER A586
,
IDENTIFIER A587
,
IDENTIFIER A588
,
IDENTIFIER A589
,
IDENTIFIER A590
,
IDENTIFIER A591
,
IDENTIFIER A592
,
IDENTIFIER A593
,
IDENTIFIER A594
,
IDENTIFIER A595
,
IDENTIFIER A596
,
IDENTIFIER A597
,
IDENTIFIER A598
,
IDENTIFIER A599
,
IDENTIFIER A600
,
IDENTIFIER A601
,
IDENTIFIER A602
,
IDENTIFIER A603
,
IDENTIFIER A604
,
IDENTIFIER A605
,
IDENTIFIER A606
,
IDENTIFIER A607
,
IDENTIFIER A608
,
IDENTIFIER A609
,
IDENTIFIER A610
,
IDENTIFIER A611
,
IDENTIFIER A612
,
IDENTIFIER A613
,
IDENTIFIER A614
,
IDENTIFIER A615
,
IDENTIFIER A616
,
IDENTIFIER A617
,
IDENTIFIER A618
,
IDENTIFIER A619
,
IDENTIFIER A620
,
IDENTIFIER A621
,
IDENTIFIER A622
,
IDENTIFIER A623
,
IDENTIFIER A624
,
IDENTIFIER A625
,
IDENTIFIER A626
,
IDENTIFIER A627
,
IDENTIFIER A628
,
IDENTIFIER A629
,
IDENTIFIER A630
,
IDENTIFIER A631
,
IDENTIFIER A632
,
IDENTIFIER A633
,
IDENTIFIER A634
,
IDENTIFIER A635
,
IDENTIFIER A636
,
IDENTIFIER A637
,
IDENTIFIER A638
,
IDENTIFIER A639
,
IDENTIFIER A640
,
IDENTIFIER A641
,
IDENTIFIER A642
,
IDENTIFIER A643
,
IDENTIFIER A644
,
IDENTIFIER A645
,
IDENTIFIER A646
,
IDENTIFIER A647
,
IDENTIFIER A648
,
IDENTIFIER A649
,
IDENTIFIER A650
,
IDENTIFIER A651
,
IDENTIFIER A652
,
IDENTIFIER A653
,
IDENTIFIER A654
,
IDENTIFIER A655
,
IDENTIFIER A656
,
IDENTIFIER A657
,
IDENTIFIER A658
,
IDENTIFIER A659
,
IDENTIFIER A660
,
IDENTIFIER A661
,
IDENTIFIER A662
,
IDENTIFIER A663
,
IDENTIFIER A664
,
IDENTIFIER A665
,
IDENTIFIER A666
,
IDENTIFIER A667
,
IDENTIFIER A668
,
IDENTIFIER A669
,
IDENTIFIER A670
,
IDENTIFIER A671
,
IDENTIFIER A672
,
IDENTIFIER A673
,
IDENTIFIER A674
,
IDENTIFIER A675
,
IDENTIFIER A676
,
IDENTIFIER A677
,
IDENTIFIER A678
,
IDENTIFIER A679
,
IDENTIFIER A680
,
IDENTIFIER A681
,
IDENTIFIER A682
,
IDENTIFIER A683
,
IDENTIFIER A684
,
IDENTIFIER A685
,
IDENTIFIER A686
,
IDENTIFIER A687
,
IDENTIFIER A688
,
IDENTIFIER A689
,
IDENTIFIER A690
,
IDENTIFIER A691
,
IDENTIFIER A692
,
IDENTIFIER A693
,
IDENTIFIER A694
,
IDENTIFIER A695
,
IDENTIFIER A696
,
IDENTIFIER A697
,
IDENTIFIER A698
,
IDENTIFIER A699
,
IDENTIFIER A700
,
IDENTIFIER A701
,
IDENTIFIER A702
,
IDENTIFIER A703
,
IDENTIFIER A704
,
IDENTIFIER A705
,
IDENTIFIER A706
,
IDENTIFIER A707
,
IDENTIFIER A708
,
IDENTIFIER A709
,
IDENTIFIER A710
,
IDENTIFIER A711
,
IDENTIFIER A712
,
IDENTIFIER A713
,
IDENTIFIER A714
,
IDENTIFIER A715
,
IDENTIFIER A716
,
IDENTIFIER A717
,
IDENTIFIER A718
,
IDENTIFIER A719
,
IDENTIFIER A720
,
IDENTIFIER A721
,
IDENTIFIER A722
,
IDENTIFIER A723
,
IDENTIFIER A724
,
IDENTIFIER A725
,
IDENTIFIER A726
,
IDENTIFIER A727
,
IDENTIFIER A728
,
IDENTIFIER A729
,
IDENTIFIER A730
,
IDENTIFIER A731
,
IDENTIFIER A732
,
IDENTIFIER A733
,
IDENTIFIER A734
,
IDENTIFIER A735
,
IDENTIFIER A736
,
IDENTIFIER A737
,
IDENTIFIER A738
,
IDENTIFIER A739
,
IDENTIFIER A740
,
IDENTIFIER A741
,
IDENTIFIER A742
,
IDENTIFIER A743
,
IDENTIFIER A744
,
IDENTIFIER A745
,
IDENTIFIER A746
,
IDENTIFIER A747
,
IDENTIFIER A748
,
IDENTIFIER A749
,
IDENTIFIER A750
,
IDENTIFIER A751
,
IDENTIFIER A752
,
IDENTIFIER A753
,
IDENTIFIER A754
,
IDENTIFIER A755
,
IDENTIFIER A756
,
IDENTIFIER A757
,
IDENTIFIER A758
,
IDENTIFIER A759
,
IDENTIFIER A760
,
IDENTIFIER A761
,
IDENTIFIER A762
,
IDENTIFIER A763
,
IDENTIFIER A764
,
IDENTIFIER A765
,
IDENTIFIER A766
,
IDENTIFIER A767
,
IDENTIFIER A768
,
IDENTIFIER A769
,
IDENTIFIER A770
,
IDENTIFIER A771
,
IDENTIFIER A772
,
IDENTIFIER A773
,
IDENTIFIER A774
,
IDENTIFIER A775
,
IDENTIFIER A776
,
IDENTIFIER A777
,
IDENTIFIER A778
,
IDENTIFIER A779
,
IDENTIFIER A780
,
IDENTIFIER A781
,
IDENTIFIER A782
,
IDENTIFIER A783
,
IDENTIFIER A784
,
IDENTIFIER A785
,
IDENTIFIER A786
,
IDENTIFIER A787
,
IDENTIFIER A788
,
IDENTIFIER A789
,
IDENTIFIER A790
,
IDENTIFIER A791
,
IDENTIFIER A792
,
IDENTIFIER A793
,
IDENTIFIER A794
,
IDENTIFIER A795
,
IDENTIFIER A796
,
IDENTIFIER A797
,
IDENTIFIER A798
,
IDENTIFIER A799
,
IDENTIFIER A800
,
IDENTIFIER A801
,
IDENTIFIER A802
,
IDENTIFIER A803
,
IDENTIFIER A804
,
IDENTIFIER A805
,
IDENTIFIER A806
,
IDENTIFIER A807
,
IDENTIFIER A808
,
IDENTIFIER A809
,
IDENTIFIER A810
,
IDENTIFIER A811
,
IDENTIFIER A812
,
IDENTIFIER A813
,
IDENTIFIER A814
,
IDENTIFIER A815
,
IDENTIFIER A816
,
IDENTIFIER A817
,
IDENTIFIER A818
,
IDENTIFIER A819
,
IDENTIFIER A820
,
IDENTIFIER A821
,
IDENTIFIER A822
,
IDENTIFIER A823
,
IDENTIFIER A824
,
IDENTIFIER A825
,
IDENTIFIER A826
,
IDENTIFIER A827
,
IDENTIFIER A828
,
IDENTIFIER A829
,
IDENTIFIER A830
,
IDENTIFIER A831
,
IDENTIFIER A832
,
IDENTIFIER A833
,
IDENTIFIER A834
,
IDENTIFIER A835
,
IDENTIFIER A836
,
IDENTIFIER A837
,
IDENTIFIER A838
,
IDENTIFIER A839
,
IDENTIFIER A840
,
IDENTIFIER A841
,
IDENTIFIER A842
,
IDENTIFIER A843
,
IDENTIFIER A844
,
IDENTIFIER A845
,
IDENTIFIER A846
,
IDENTIFIER A847
,
IDENTIFIER A848
,
IDENTIFIER A849
,
IDENTIFIER A850
,
IDENTIFIER A851
,
IDENTIFIER A852
,
IDENTIFIER A853
,
IDENTIFIER A854
,
IDENTIFIER A855
,
IDENTIFIER A856
,
IDENTIFIER A857
,
IDENTIFIER A858
,
IDENTIFIER A859
,
IDENTIFIER A860
,
IDENTIFIER A861
,
IDENTIFIER A862
,
IDENTIFIER A863
,
IDENTIFIER A864
,
IDENTIFIER A865
,
IDENTIFIER A866
,
IDENTIFIER A867
,
IDENTIFIER A868
,
IDENTIFIER A869
,
IDENTIFIER A870
,
IDENTIFIER A871
,
IDENTIFIER A872
,
IDENTIFIER A873
,
IDENTIFIER A874
,
IDENTIFIER A875
,
IDENTIFIER A876
,
IDENTIFIER A877
,
IDENTIFIER A878
,
IDENTIFIER A879
,
IDENTIFIER A880
,
IDENTIFIER A881
,
IDENTIFIER A882
,
IDENTIFIER A883
,
IDENTIFIER A884
,
IDENTIFIER A885
,
IDENTIFIER A886
,
IDENTIFIER A887
,
IDENTIFIER A888
,
IDENTIFIER A889
,
IDENTIFIER A890
,
IDENTIFIER A891
,
IDENTIFIER A892
,
IDENTIFIER A893
,
IDENTIFIER A894
,
IDENTIFIER A895
,
IDENTIFIER A896
,
IDENTIFIER A897
,
IDENTIFIER A898
,
IDENTIFIER A899
,
IDENTIFIER A900
,
IDENTIFIER A901
,
IDENTIFIER A902
,
IDENTIFIER A903
,
IDENTIFIER A904
,
IDENTIFIER A905
,
IDENTIFIER A906
,
IDENTIFIER A907
,
IDENTIFIER A908
,
IDENTIFIER A909
,
IDENTIFIER A910
,
IDENTIFIER A911
,
IDENTIFIER A912
,
IDENTIFIER A913
,
IDENTIFIER A914
,
IDENTIFIER A915
,
IDENTIFIER A916
,
IDENTIFIER A917
,
IDENTIFIER A918
,
IDENTIFIER A919
,
IDENTIFIER A920
,
IDENTIFIER A921
,
IDENTIFIER A922
,
IDENTIFIER A923
,
IDENTIFIER A924
,
IDENTIFIER A925
,
IDENTIFIER A926
,
IDENTIFIER A927
,
IDENTIFIER A928
,
IDENTIFIER A929
,
IDENTIFIER A930
,
IDENTIFIER A931
,
IDENTIFIER A932
,
IDENTIFIER A933
,
IDENTIFIER A934
,
IDENTIFIER A935
,
IDENTIFIER A936
,
IDENTIFIER A937
,
IDENTIFIER A938
,
IDENTIFIER A939
,
IDENTIFIER A940
,
IDENTIFIER A941
,
IDENTIFIER A942
,
IDENTIFIER A943
,
IDENTIFIER A944
,
IDENTIFIER A945
,
IDENTIFIER A946
,
IDENTIFIER A947
,
IDENTIFIER A948
,
IDENTIFIER A949
,
IDENTIFIER A950
,
IDENTIFIER A951
,
IDENTIFIER A952
,
IDENTIFIER A953
,
IDENTIFIER A954
,
IDENTIFIER A955
,
IDENTIFIER A956
,
IDENTIFIER A957
,
IDENTIFIER A958
,
IDENTIFIER A959
,
IDENTIFIER A960
,
IDENTIFIER A961
,
IDENTIFIER A962
,
IDENTIFIER A963
,
IDENTIFIER A964
,
IDENTIFIER A965
,
IDENTIFIER A966
,
IDENTIFIER A967
,
IDENTIFIER A968
,
IDENTIFIER A969
,
IDENTIFIER A970
,
IDENTIFIER A971
,
IDENTIFIER A972
,
IDENTIFIER A973
,
IDENTIFIER A974
,
IDENTIFIER A975
,
IDENTIFIER A976
,
IDENTIFIER A977
,
IDENTIFIER A978
,
IDENTIFIER A979
,
IDENTIFIER A980
,
IDENTIFIER A981
,
IDENTIFIER A982
,
IDENTIFIER A983
,
IDENTIFIER A984
,
IDENTIFIER A985
,
IDENTIFIER A986
,
IDENTIFIER A987
,
IDENTIFIER A988
,
IDENTIFIER A989
,
IDENTIFIER A990
,
IDENTIFIER A991
,
IDENTIFIER A992
,
IDENTIFIER A993
,
IDENTIFIER A994
,
IDENTIFIER A995
,
IDENTIFIER A996
,
IDENTIFIER A997
,
IDENTIFIER A998
,
IDENTIFIER A999
,
IDENTIFIER A1000
,
IDENTIFIER A1001
,
IDENTIFIER A1002
,
IDENTIFIER A1003
,
IDENTIFIER A1004
,
IDENTIFIER QVQ
;
BEGIN
END
;
