PROGRAM(SUBPROG(PROCEDUREDECLARE(PROCEDUREHEAD(PROCEDURE,F1,;),SUBPROG(PROCEDUREDECLARE(PROCEDUREHEAD(PROCEDURE,F2,;),SUBPROG(PROCEDUREDECLARE(PROCEDUREHEAD(PROCEDURE,F3,;),SUBPROG(SENTENCE(COMBINED(BEGIN,SENTENCE(EMPTY),END))),;),SENTENCE(COMBINED(BEGIN,SENTENCE(EMPTY),END))),;),SENTENCE(COMBINED(BEGIN,SENTENCE(EMPTY),END))),;),SENTENCE(COMBINED(BEGIN,SENTENCE(EMPTY),END))),.)
