PROGRAM(SUBPROG(CONSTANTDECLARE(CONST,CONSTANTDEFINE(C,=,0),;),VARIABLEDECLARE(VAR,A,COMMA,B,;),SENTENCE(COMBINED(BEGIN,SENTENCE(READSENTENCE(READ,LP,B,COMMA,A,RP)),;,SENTENCE(ASSIGNMENT(A,:=,EXPRESSION(ITEM(FACTOR(B)),+,ITEM(FACTOR(C))))),;,SENTENCE(WRITESENTENCE(WRITE,LP,A,RP)),;,SENTENCE(EMPTY),END))),.)
