PROGRAM(SUBPROG(PROCEDUREDECLARE(PROCEDUREHEAD(PROCEDURE,F1,;),SUBPROG(SENTENCE(COMBINED(BEGIN,SENTENCE(EMPTY),END))),;,PROCEDUREDECLARE(PROCEDUREHEAD(PROCEDURE,F2,;),SUBPROG(SENTENCE(COMBINED(BEGIN,SENTENCE(EMPTY),END))),;,PROCEDUREDECLARE(PROCEDUREHEAD(PROCEDURE,F3,;),SUBPROG(SENTENCE(COMBINED(BEGIN,SENTENCE(EMPTY),END))),;,PROCEDUREDECLARE(PROCEDUREHEAD(PROCEDURE,F4,;),SUBPROG(SENTENCE(COMBINED(BEGIN,SENTENCE(EMPTY),END))),;)))),SENTENCE(EMPTY)),.)
