0
590558003
590558003
590558003
2
590558003
590558003
4
3
590558003
25
25
17
590558003
2
590558003
590558003
25
5
590558003
33
39
15
37
26
590558003
48
22
23
23
