0
590558003
590558003
590558003
590558003
590558003
590558003
590558003
590558003
590558003
590558003
590558003
590558003
590558003
590558003
590558003
590558003
590558003
15
590558003
590558003
26
16
590558003
44
590558003
45
590558003
590558003
590558003
590558003
590558003
22
39
590558003
48
590558003
590558003
590558003
27
590558003
57
72
590558003
590558003
26
2
24
590558003
590558003
