0
590558003
590558003
590558003
590558003
590558003
590558003
590558003
590558003
590558003
590558003
590558003
590558003
590558003
590558003
590558003
590558003
590558003
590558003
1
590558003
590558003
590558003
590558003
27
590558003
590558003
12
590558003
590558003
590558003
11
11
590558003
24
13
54
25
46
16
17
23
13
59
590558003
13
31
34
25
590558003
38
60
33
69
4
18
590558003
17
590558003
33
27
7
12
13
14
3
26
21
22
19
24
12
12
21
1
16
19
36
31
5
23
17
23
17
12
590558003
23
11
14
18
19
21
25
23
16
14
23
18
23
26
