0
590558003
590558003
590558003
13
590558003
590558003
590558003
590558003
590558003
590558003
590558003
590558003
590558003
590558003
590558003
590558003
590558003
590558003
590558003
34
590558003
590558003
44
590558003
1
590558003
41
590558003
590558003
590558003
590558003
60
63
23
590558003
590558003
590558003
590558003
28
17
31
590558003
53
47
590558003
590558003
39
57
63
590558003
42
35
70
27
31
60
34
15
38
79
55
55
19
37
17
30
590558003
590558003
38
590558003
590558003
46
69
85
590558003
46
41
69
61
45
44
38
590558003
36
20
101
53
24
86
590558003
47
75
43
590558003
59
58
27
48
590558003
